| Test.java:2:4:2:15 | @Deprecated | Annotation being mistaken for javadoc tag |
| Test.java:8:8:8:17 | @Override | Annotation being mistaken for javadoc tag |
