| Test.java:10:20:10:20 | i | Changes state within standard method |
| Test.java:24:20:24:20 | b | Changes state within standard method |
| Test.java:29:20:29:20 | s | Changes state within standard method |
| Test.java:34:20:34:27 | ...++ | Changes state within standard method |
| Test.java:34:32:34:41 | ...=... | Changes state within standard method |
