| Test.java:7:16:7:23 | Unusable | Annotation type is not usable |
