| StmtExpr.java:7:9:7:18 | toString(...) |
| StmtExpr.java:13:9:13:13 | ...=... |
| StmtExpr.java:14:9:14:11 | ...++ |
| StmtExpr.java:15:9:15:11 | ++... |
| StmtExpr.java:16:9:16:11 | ...-- |
| StmtExpr.java:17:9:17:11 | --... |
| StmtExpr.java:19:9:19:20 | new Object(...) |
| StmtExpr.java:22:9:22:28 | clone(...) |
| StmtExpr.java:25:14:25:39 | println(...) |
| StmtExpr.java:30:17:30:44 | println(...) |
| StmtExpr.java:45:24:45:33 | toString(...) |
| StmtExpr.java:58:28:58:37 | toString(...) |
| StmtExpr.java:60:13:60:22 | toString(...) |
| StmtExpr.java:66:23:66:36 | toString(...) |
