| 0 | 0 |
| 0000FFFFFFFF | -1 |
| 00000000000001 | 1 |
| 7FFFFFFF | 2147483647 |
| 90abcdef | -1867788817 |
| 12345678 | 305419896 |
| 80000000 | -2147483648 |
| ABCD | 43981 |
| FFFFFFFF | -1 |
