| 0 | 0 |
| 1 | 1 |
| 25 | 19 |
| 255 | FF |
| 2147483647 | 7FFFFFFF |
| -1 | FFFFFFFF |
| -2147483648 | 80000000 |
