| package-info.java:3:7:3:10 | Test | Type is declared in package-info.java |
