| Test.java:19:5:19:10 | Other | Annotation is between $@ and $@ annotation of the same type | Test.class:0:0:0:0 | Marker | this | Test.class:0:0:0:0 | Marker | this |
| Test.java:23:13:23:18 | Other | Annotation is between $@ and $@ annotation of the same type | Test.class:0:0:0:0 | Marker | this | Test.class:0:0:0:0 | Marker | this |
| Test.java:29:5:29:10 | Other | Annotation is between $@ and $@ annotation of the same type | Test.class:0:0:0:0 | Marker | this | Test.class:0:0:0:0 | Marker | this |
| Test.java:32:5:32:10 | Other | Annotation is between $@ and $@ annotation of the same type | Test.class:0:0:0:0 | Marker | this | Test.class:0:0:0:0 | Marker | this |
