| Test.java:6:9:6:33 | ofNullable(...) | Should use Optional.empty() |
