| Test.java:3:9:3:20 | "test\\stext" | Contains space escape sequence `\\s` |
| Test.java:4:9:4:20 | "\\s test \\s" | Contains space escape sequence `\\s` |
| Test.java:5:9:5:26 | "\\\\\\s not escaped" | Contains space escape sequence `\\s` |
