| Test.java:5:9:5:20 | stmt | Pointless assert statement |
| Test.java:6:9:6:22 | stmt | Pointless assert statement |
| Test.java:7:9:7:37 | stmt | Pointless assert statement |
